File "recursion_more_than_two.ml", lines 1-3, characters 0-36:
Error: ppx_repr: mutually-recursive groups of size > 2 are not supported. Here we have 3 types: t1, t2, t3)
